
> build
> vite build

vite v6.4.1 building for production...
transforming...
Ô£ô 784 modules transformed.
rendering chunks...
computing gzip size...
public/build/manifest.json                                   9.98 kB Ôöé gzip:   1.04 kB
public/build/assets/Login-B3Ubhg8c.css                      10.98 kB Ôöé gzip:   2.79 kB
public/build/assets/app-ipVk6ub6.css                        60.27 kB Ôöé gzip:  11.98 kB
public/build/assets/_plugin-vue_export-helper-DlAUqK2U.js    0.09 kB Ôöé gzip:   0.10 kB
public/build/assets/Badge-LHBxXbfV.js                        0.92 kB Ôöé gzip:   0.58 kB
public/build/assets/Paginacao-C_56djgM.js                    1.53 kB Ôöé gzip:   0.83 kB
public/build/assets/InputField-j8tn0elA.js                   1.80 kB Ôöé gzip:   0.94 kB
public/build/assets/Botao-DYByY_uf.js                        2.07 kB Ôöé gzip:   1.10 kB
public/build/assets/SelectField-paz6rnSU.js                  2.20 kB Ôöé gzip:   1.19 kB
public/build/assets/Modal-l7icryFO.js                        2.25 kB Ôöé gzip:   1.13 kB
public/build/assets/RedefinirSenha-Dn5vnXLu.js               2.59 kB Ôöé gzip:   1.29 kB
public/build/assets/EsqueciSenha-tyU3Hvv0.js                 2.90 kB Ôöé gzip:   1.47 kB
public/build/assets/Cadastro-Bn_LGr4t.js                     3.06 kB Ôöé gzip:   1.46 kB
public/build/assets/Formulario-4a-cUU1E.js                   5.50 kB Ôöé gzip:   2.34 kB
public/build/assets/Visualizar-BixmdTD4.js                   5.59 kB Ôöé gzip:   2.16 kB
public/build/assets/Visualizar-BkEvOccB.js                   5.81 kB Ôöé gzip:   2.21 kB
public/build/assets/Formulario-BJ6xUbaB.js                   5.92 kB Ôöé gzip:   2.11 kB
public/build/assets/Visualizar-nwUziLwz.js                   6.06 kB Ôöé gzip:   2.32 kB
public/build/assets/Formulario-CV39Hh_F.js                   6.20 kB Ôöé gzip:   2.30 kB
public/build/assets/Visualizar-BpNqYmKE.js                   6.63 kB Ôöé gzip:   2.29 kB
public/build/assets/Index-B032AhnO.js                        6.91 kB Ôöé gzip:   2.85 kB
public/build/assets/Index-CYlqLx24.js                        8.35 kB Ôöé gzip:   3.25 kB
public/build/assets/Formulario-C6Kt0IQo.js                   9.36 kB Ôöé gzip:   3.14 kB
public/build/assets/Login-CPKBOWeF.js                        9.37 kB Ôöé gzip:   3.60 kB
public/build/assets/Index-DBuHUUvP.js                       12.56 kB Ôöé gzip:   4.04 kB
public/build/assets/Index-CQ0Q_60_.js                       13.62 kB Ôöé gzip:   4.30 kB
public/build/assets/Index-CaBn9DDV.js                       14.62 kB Ôöé gzip:   4.34 kB
public/build/assets/Index-C0j4qSUZ.js                       18.90 kB Ôöé gzip:   5.09 kB
public/build/assets/AppLayout-D-kRm0g-.js                   20.29 kB Ôöé gzip:   5.82 kB
public/build/assets/app-Bw7cePbX.js                        315.08 kB Ôöé gzip: 113.58 kB
Ô£ô built in 3m 10s
